<!DOCTYPE html>
<html lang="en">
<head>
    <style>
        div {
            background-color: green;
            height: 200px;
            width: 300px;

            border-top-color: purple;
            border-top-style: solid;
            border-top-width: 20px;
        }
    </style>
</head>
<body>
<div></div>
<div></div>
<div></div>
</body>
</html>
