---
source: tests/lib.rs
expression: dump_layout_cmd.stdout()
input_file: tests/websrc/block/block-layout-subtrees.dumplayout.html
---
HTML BlockContainer at (0, 0) size 1920x266
  BODY BlockContainer at (8, 8) size 1904x250
    DIV BlockContainer at (33, 33) size 300x200
      DIV BlockContainer at (58, 58) size 300x200
        DIV BlockContainer at (83, 83) size 300x200
        DIV BlockContainer at (83, 333) size 300x200
        DIV BlockContainer at (83, 583) size 300x200
      DIV BlockContainer at (58, 308) size 300x200

