---
source: tests/layout/display/mod.rs
expression: dump_layout_cmd.stdout()
---
HTML BlockContainer at (0, 0) size 1920x266
  BODY BlockContainer at (8, 8) size 1904x250
    DIV BlockContainer at (33, 33) size 300x200

